/home/cem/colcon_ws/src/ros2_kafka_bridge/install/ros2_kafka_bridge/lib/python3.10/site-packages/src/__init__.py
/home/cem/colcon_ws/src/ros2_kafka_bridge/install/ros2_kafka_bridge/lib/python3.10/site-packages/src/single_ros2_pub_sub_1.py
/home/cem/colcon_ws/src/ros2_kafka_bridge/install/ros2_kafka_bridge/lib/python3.10/site-packages/src/single_ros2_pub_sub_2.py
/home/cem/colcon_ws/src/ros2_kafka_bridge/install/ros2_kafka_bridge/lib/python3.10/site-packages/src/single_kafka_pro_1.py
/home/cem/colcon_ws/src/ros2_kafka_bridge/install/ros2_kafka_bridge/lib/python3.10/site-packages/src/single_kafka_pro_2.py
/home/cem/colcon_ws/src/ros2_kafka_bridge/install/ros2_kafka_bridge/lib/python3.10/site-packages/src/single_kafka_con_1.py
/home/cem/colcon_ws/src/ros2_kafka_bridge/install/ros2_kafka_bridge/lib/python3.10/site-packages/src/single_kafka_con_2.py
/home/cem/colcon_ws/src/ros2_kafka_bridge/install/ros2_kafka_bridge/lib/python3.10/site-packages/src/single_ros2_kafka_bridge_topic_1.py
/home/cem/colcon_ws/src/ros2_kafka_bridge/install/ros2_kafka_bridge/lib/python3.10/site-packages/src/single_ros2_kafka_bridge_topic_2.py
/home/cem/colcon_ws/src/ros2_kafka_bridge/install/ros2_kafka_bridge/lib/python3.10/site-packages/src/double_ros2_pub_sub.py
/home/cem/colcon_ws/src/ros2_kafka_bridge/install/ros2_kafka_bridge/lib/python3.10/site-packages/src/double_kafka_pro_con.py
/home/cem/colcon_ws/src/ros2_kafka_bridge/install/ros2_kafka_bridge/lib/python3.10/site-packages/src/double_ros2_kafka_bridge.py
/home/cem/colcon_ws/src/ros2_kafka_bridge/install/ros2_kafka_bridge/lib/python3.10/site-packages/src/__pycache__/__init__.cpython-310.pyc
/home/cem/colcon_ws/src/ros2_kafka_bridge/install/ros2_kafka_bridge/lib/python3.10/site-packages/src/__pycache__/single_ros2_pub_sub_1.cpython-310.pyc
/home/cem/colcon_ws/src/ros2_kafka_bridge/install/ros2_kafka_bridge/lib/python3.10/site-packages/src/__pycache__/single_ros2_pub_sub_2.cpython-310.pyc
/home/cem/colcon_ws/src/ros2_kafka_bridge/install/ros2_kafka_bridge/lib/python3.10/site-packages/src/__pycache__/single_kafka_pro_1.cpython-310.pyc
/home/cem/colcon_ws/src/ros2_kafka_bridge/install/ros2_kafka_bridge/lib/python3.10/site-packages/src/__pycache__/single_kafka_pro_2.cpython-310.pyc
/home/cem/colcon_ws/src/ros2_kafka_bridge/install/ros2_kafka_bridge/lib/python3.10/site-packages/src/__pycache__/single_kafka_con_1.cpython-310.pyc
/home/cem/colcon_ws/src/ros2_kafka_bridge/install/ros2_kafka_bridge/lib/python3.10/site-packages/src/__pycache__/single_kafka_con_2.cpython-310.pyc
/home/cem/colcon_ws/src/ros2_kafka_bridge/install/ros2_kafka_bridge/lib/python3.10/site-packages/src/__pycache__/single_ros2_kafka_bridge_topic_1.cpython-310.pyc
/home/cem/colcon_ws/src/ros2_kafka_bridge/install/ros2_kafka_bridge/lib/python3.10/site-packages/src/__pycache__/single_ros2_kafka_bridge_topic_2.cpython-310.pyc
/home/cem/colcon_ws/src/ros2_kafka_bridge/install/ros2_kafka_bridge/lib/python3.10/site-packages/src/__pycache__/double_ros2_pub_sub.cpython-310.pyc
/home/cem/colcon_ws/src/ros2_kafka_bridge/install/ros2_kafka_bridge/lib/python3.10/site-packages/src/__pycache__/double_kafka_pro_con.cpython-310.pyc
/home/cem/colcon_ws/src/ros2_kafka_bridge/install/ros2_kafka_bridge/lib/python3.10/site-packages/src/__pycache__/double_ros2_kafka_bridge.cpython-310.pyc
/home/cem/colcon_ws/src/ros2_kafka_bridge/install/ros2_kafka_bridge/share/ament_index/resource_index/packages/ros2_kafka_bridge
/home/cem/colcon_ws/src/ros2_kafka_bridge/install/ros2_kafka_bridge/share/ros2_kafka_bridge/package.xml
/home/cem/colcon_ws/src/ros2_kafka_bridge/install/ros2_kafka_bridge/lib/python3.10/site-packages/ros2_kafka_bridge-0.0.1-py3.10.egg-info/SOURCES.txt
/home/cem/colcon_ws/src/ros2_kafka_bridge/install/ros2_kafka_bridge/lib/python3.10/site-packages/ros2_kafka_bridge-0.0.1-py3.10.egg-info/top_level.txt
/home/cem/colcon_ws/src/ros2_kafka_bridge/install/ros2_kafka_bridge/lib/python3.10/site-packages/ros2_kafka_bridge-0.0.1-py3.10.egg-info/entry_points.txt
/home/cem/colcon_ws/src/ros2_kafka_bridge/install/ros2_kafka_bridge/lib/python3.10/site-packages/ros2_kafka_bridge-0.0.1-py3.10.egg-info/zip-safe
/home/cem/colcon_ws/src/ros2_kafka_bridge/install/ros2_kafka_bridge/lib/python3.10/site-packages/ros2_kafka_bridge-0.0.1-py3.10.egg-info/PKG-INFO
/home/cem/colcon_ws/src/ros2_kafka_bridge/install/ros2_kafka_bridge/lib/python3.10/site-packages/ros2_kafka_bridge-0.0.1-py3.10.egg-info/dependency_links.txt
/home/cem/colcon_ws/src/ros2_kafka_bridge/install/ros2_kafka_bridge/lib/python3.10/site-packages/ros2_kafka_bridge-0.0.1-py3.10.egg-info/requires.txt
/home/cem/colcon_ws/src/ros2_kafka_bridge/install/ros2_kafka_bridge/lib/ros2_kafka_bridge/double_kafka_pro_con
/home/cem/colcon_ws/src/ros2_kafka_bridge/install/ros2_kafka_bridge/lib/ros2_kafka_bridge/double_ros2_kafka_bridge
/home/cem/colcon_ws/src/ros2_kafka_bridge/install/ros2_kafka_bridge/lib/ros2_kafka_bridge/double_ros2_pub_sub
/home/cem/colcon_ws/src/ros2_kafka_bridge/install/ros2_kafka_bridge/lib/ros2_kafka_bridge/single_kafka_con_1
/home/cem/colcon_ws/src/ros2_kafka_bridge/install/ros2_kafka_bridge/lib/ros2_kafka_bridge/single_kafka_con_2
/home/cem/colcon_ws/src/ros2_kafka_bridge/install/ros2_kafka_bridge/lib/ros2_kafka_bridge/single_kafka_pro_1
/home/cem/colcon_ws/src/ros2_kafka_bridge/install/ros2_kafka_bridge/lib/ros2_kafka_bridge/single_kafka_pro_2
/home/cem/colcon_ws/src/ros2_kafka_bridge/install/ros2_kafka_bridge/lib/ros2_kafka_bridge/single_ros2_kafka_bridge_topic_1
/home/cem/colcon_ws/src/ros2_kafka_bridge/install/ros2_kafka_bridge/lib/ros2_kafka_bridge/single_ros2_kafka_bridge_topic_2
/home/cem/colcon_ws/src/ros2_kafka_bridge/install/ros2_kafka_bridge/lib/ros2_kafka_bridge/single_ros2_pub_sub_1
/home/cem/colcon_ws/src/ros2_kafka_bridge/install/ros2_kafka_bridge/lib/ros2_kafka_bridge/single_ros2_pub_sub_2
